VCD info: dumpfile tb_alu_top.vcd opened for output.
Starting ALU (modular) Simulation...
--------------------------------------------------
 A    | B    | Sel | Result | Z | N | V | Operation
--------------------------------------------------
  50 |   25 | 0000 |     75 | 0 | 0 | 0 | Addition
 127 |    1 | 0000 |   -128 | 0 | 1 | 1 | Add (Overflow)
 100 |   20 | 0001 |     80 | 0 | 0 | 0 | Subtraction
  10 |    5 | 0010 |     50 | 0 | 0 | 0 | Multiplication
 200 |    2 | 0010 |    144 | 0 | 1 | 1 | Mult (Truncate)
 100 |   10 | 0011 |     10 | 0 | 0 | 0 | Division
  50 |    0 | 0011 |      0 | 1 | 0 | 0 | Div by Zero
11110000 | 10101010 | 0100 | 10100000 | 0 | 1 | 0 | AND
11110000 | 00001111 | 0101 | 11111111 | 0 | 1 | 0 | OR
11110000 | 11111111 | 0110 | 00001111 | 0 | 0 | 0 | XOR
00001111 |    3 | 0111 | 01111000 | 0 | 0 | 0 | Left Shift (by 3)
00001111 |    0 | 0111 | 00001111 | 0 | 0 | 0 | Left Shift (by 0)
00001111 |    9 | 0111 | 00000000 | 1 | 0 | 0 | Left Shift (B>=8)
11110000 |    3 | 1000 | 00011110 | 0 | 0 | 0 | Right Shift (by 3)
11110000 |    0 | 1000 | 11110000 | 0 | 1 | 0 | Right Shift (by 0)
11110000 |    8 | 1000 | 00000000 | 1 | 0 | 0 | Right Shift (B==8)
--------------------------------------------------
Simulation Complete.
tb_alu_top.sv:102: $finish called at 160 (1s)
